../Core/Src/CAN.c:10:6:Handle_BO_3221225472	16	static
../Core/Src/CAN.c:38:6:Handle_BO_512	8	static
../Core/Src/CAN.c:77:6:Handle_BO_513	16	static
../Core/Src/CAN.c:98:6:Handle_BO_514	16	static
../Core/Src/CAN.c:116:6:Handle_BO_515	16	static
../Core/Src/CAN.c:140:6:Handle_BO_516	16	static
../Core/Src/CAN.c:156:6:Handle_BO_517	16	static
../Core/Src/CAN.c:170:6:Handle_BO_518	16	static
../Core/Src/CAN.c:184:6:Handle_BO_519	16	static
../Core/Src/CAN.c:198:6:Handle_BO_520	0	static
../Core/Src/CAN.c:223:10:Handle_BO_521	0	static
../Core/Src/CAN.c:239:10:Handle_BO_0x281	0	static
../Core/Src/CAN.c:247:10:Handle_BO_0x282	0	static
../Core/Src/CAN.c:255:10:Handle_BO_0x283	0	static
../Core/Src/CAN.c:263:10:Handle_BO_0x284	0	static
../Core/Src/CAN.c:270:10:Handle_BO_0x381	0	static
../Core/Src/CAN.c:278:10:Handle_BO_0x382	0	static
../Core/Src/CAN.c:286:10:Handle_BO_0x383	0	static
../Core/Src/CAN.c:294:10:Handle_BO_0x481	0	static
../Core/Src/CAN.c:302:10:Handle_BO_0x482	0	static
../Core/Src/CAN.c:309:10:Handle_BO_0x581	0	static
../Core/Src/CAN.c:317:10:Handle_BO_0x582	0	static
../Core/Src/CAN.c:325:10:Handle_BO_0x583	0	static
../Core/Src/CAN.c:333:10:Handle_BO_0x584	0	static
../Core/Src/CAN.c:345:10:Handle_BO_0x781	0	static
