../Core/Src/main.c:1537:6:Start_START_Task	8	static
../Core/Src/main.c:1581:13:TouchGFX_Task	8	static
../Core/Src/main.c:1599:6:Start_RGB_Task	8	static
../Core/Src/main.c:1746:6:Start_Ind_FUEL	8	static
../Core/Src/main.c:1779:6:Start_IndBATT	8	static
../Core/Src/main.c:1806:6:Start_Ind_ECT	8	static
../Core/Src/main.c:1691:6:Start_nmea	8	static
../Core/Src/main.c:1711:6:Start_OIL	8	static
../Core/Src/main.c:1838:6:Start_other	16	static
../Core/Src/main.c:317:6:SystemClock_Config	88	static,ignoring_inline_asm
../Core/Src/main.c:1060:7:mapFloat	0	static
../Core/Src/main.c:1065:6:mapInt	0	static
../Core/Src/main.c:1070:6:Update_RPM_Ranges	0	static
../Core/Src/main.c:1093:6:HAL_CAN_RxFifo0MsgPendingCallback	16	static
../Core/Src/main.c:1337:6:SetScreen	16	static
../Core/Src/main.c:1507:6:initAll	8	static
../Core/Src/main.c:197:5:main	144	static,ignoring_inline_asm
../Core/Src/main.c:1869:6:HAL_TIM_PeriodElapsedCallback	0	static
../Core/Src/main.c:1885:6:Error_Handler	0	static,ignoring_inline_asm
