../Core/Src/spi_flash.c:20:9:W25qxx_Spi	32	static
../Core/Src/spi_flash.c:27:10:W25qxx_ReadID	24	static
../Core/Src/spi_flash.c:40:6:W25qxx_ReadUniqID	16	static
../Core/Src/spi_flash.c:51:6:W25qxx_WriteEnable	8	static
../Core/Src/spi_flash.c:59:6:W25qxx_WriteDisable	8	static
../Core/Src/spi_flash.c:67:9:W25qxx_ReadStatusRegister	16	static
../Core/Src/spi_flash.c:93:6:W25qxx_WriteStatusRegister	16	static
../Core/Src/spi_flash.c:115:6:W25qxx_WaitForWriteEnd	8	static
../Core/Src/spi_flash.c:129:6:W25qxx_Init	16	static
../Core/Src/spi_flash.c:247:6:W25qxx_EraseChip	16	static
../Core/Src/spi_flash.c:268:6:W25qxx_EraseSector	16	static
../Core/Src/spi_flash.c:296:6:W25qxx_EraseBlock	16	static
../Core/Src/spi_flash.c:326:10:W25qxx_PageToSector	0	static
../Core/Src/spi_flash.c:331:10:W25qxx_PageToBlock	0	static
../Core/Src/spi_flash.c:336:10:W25qxx_SectorToBlock	0	static
../Core/Src/spi_flash.c:341:10:W25qxx_SectorToPage	0	static
../Core/Src/spi_flash.c:346:10:W25qxx_BlockToPage	0	static
../Core/Src/spi_flash.c:351:7:W25qxx_IsEmptyPage	72	static
../Core/Src/spi_flash.c:420:7:W25qxx_IsEmptySector	72	static
../Core/Src/spi_flash.c:489:7:W25qxx_IsEmptyBlock	72	static
../Core/Src/spi_flash.c:558:6:W25qxx_WriteByte	24	static
../Core/Src/spi_flash.c:585:7:W25qxx_WritePage	32	static
../Core/Src/spi_flash.c:631:7:W25qxx_WriteSector	24	static
../Core/Src/spi_flash.c:670:7:W25qxx_WriteBlock	24	static
../Core/Src/spi_flash.c:709:7:W25qxx_ReadByte	24	static
../Core/Src/spi_flash.c:734:6:W25qxx_ReadBytes	32	static
../Core/Src/spi_flash.c:772:7:W25qxx_ReadPage	32	static
../Core/Src/spi_flash.c:816:7:W25qxx_ReadSector	24	static
../Core/Src/spi_flash.c:855:7:W25qxx_ReadBlock	24	static
