../Core/Src/stm32f4xx_hal_msp.c:68:6:HAL_MspInit	8	static
../Core/Src/stm32f4xx_hal_msp.c:93:6:HAL_ADC_MspInit	48	static
../Core/Src/stm32f4xx_hal_msp.c:134:6:HAL_ADC_MspDeInit	8	static
../Core/Src/stm32f4xx_hal_msp.c:165:6:HAL_CAN_MspInit	56	static
../Core/Src/stm32f4xx_hal_msp.c:212:6:HAL_CAN_MspDeInit	8	static
../Core/Src/stm32f4xx_hal_msp.c:243:6:HAL_CRC_MspInit	8	static
../Core/Src/stm32f4xx_hal_msp.c:266:6:HAL_CRC_MspDeInit	0	static
../Core/Src/stm32f4xx_hal_msp.c:288:6:HAL_DMA2D_MspInit	16	static
../Core/Src/stm32f4xx_hal_msp.c:314:6:HAL_DMA2D_MspDeInit	0	static
../Core/Src/stm32f4xx_hal_msp.c:339:6:HAL_I2C_MspInit	64	static
../Core/Src/stm32f4xx_hal_msp.c:407:6:HAL_I2C_MspDeInit	8	static
../Core/Src/stm32f4xx_hal_msp.c:458:6:HAL_LTDC_MspInit	120	static
../Core/Src/stm32f4xx_hal_msp.c:581:6:HAL_LTDC_MspDeInit	8	static
../Core/Src/stm32f4xx_hal_msp.c:645:6:HAL_SPI_MspInit	40	static
../Core/Src/stm32f4xx_hal_msp.c:683:6:HAL_SPI_MspDeInit	0	static
../Core/Src/stm32f4xx_hal_msp.c:713:6:HAL_TIM_Base_MspInit	8	static
../Core/Src/stm32f4xx_hal_msp.c:740:6:HAL_TIM_MspPostInit	32	static
../Core/Src/stm32f4xx_hal_msp.c:772:6:HAL_TIM_Base_MspDeInit	0	static
../Core/Src/stm32f4xx_hal_msp.c:805:6:HAL_UART_MspInit	48	static
../Core/Src/stm32f4xx_hal_msp.c:882:6:HAL_UART_MspDeInit	8	static
../Core/Src/stm32f4xx_hal_msp.c:1023:6:HAL_SDRAM_MspInit	48	static
../Core/Src/stm32f4xx_hal_msp.c:1112:6:HAL_SDRAM_MspDeInit	8	static
