../Core/Src/CAN.c:10:6:Handle_BO_3221225472	24	static
../Core/Src/CAN.c:38:6:Handle_BO_512	24	static
../Core/Src/CAN.c:77:6:Handle_BO_513	24	static
../Core/Src/CAN.c:98:6:Handle_BO_514	24	static
../Core/Src/CAN.c:116:6:Handle_BO_515	24	static
../Core/Src/CAN.c:140:6:Handle_BO_516	24	static
../Core/Src/CAN.c:156:6:Handle_BO_517	16	static
../Core/Src/CAN.c:170:6:Handle_BO_518	16	static
../Core/Src/CAN.c:184:6:Handle_BO_519	16	static
../Core/Src/CAN.c:198:6:Handle_BO_520	16	static
../Core/Src/CAN.c:223:10:Handle_BO_521	16	static
../Core/Src/CAN.c:239:10:Handle_BO_0x281	16	static
../Core/Src/CAN.c:247:10:Handle_BO_0x282	16	static
../Core/Src/CAN.c:255:10:Handle_BO_0x283	16	static
../Core/Src/CAN.c:263:10:Handle_BO_0x284	16	static
../Core/Src/CAN.c:270:10:Handle_BO_0x381	16	static
../Core/Src/CAN.c:278:10:Handle_BO_0x382	16	static
../Core/Src/CAN.c:286:10:Handle_BO_0x383	16	static
../Core/Src/CAN.c:294:10:Handle_BO_0x481	16	static
../Core/Src/CAN.c:302:10:Handle_BO_0x482	16	static
../Core/Src/CAN.c:309:10:Handle_BO_0x581	16	static
../Core/Src/CAN.c:317:10:Handle_BO_0x582	16	static
../Core/Src/CAN.c:325:10:Handle_BO_0x583	16	static
../Core/Src/CAN.c:333:10:Handle_BO_0x584	32	static
../Core/Src/CAN.c:345:10:Handle_BO_0x781	16	static
