../Core/Src/stm32f4xx_it.c:79:6:NMI_Handler	4	static
../Core/Src/stm32f4xx_it.c:94:6:HardFault_Handler	4	static
../Core/Src/stm32f4xx_it.c:109:6:MemManage_Handler	4	static
../Core/Src/stm32f4xx_it.c:124:6:BusFault_Handler	4	static
../Core/Src/stm32f4xx_it.c:139:6:UsageFault_Handler	4	static
../Core/Src/stm32f4xx_it.c:154:6:DebugMon_Handler	4	static
../Core/Src/stm32f4xx_it.c:174:6:DMA1_Stream1_IRQHandler	8	static
../Core/Src/stm32f4xx_it.c:188:6:DMA1_Stream3_IRQHandler	8	static
../Core/Src/stm32f4xx_it.c:202:6:CAN1_RX0_IRQHandler	8	static
../Core/Src/stm32f4xx_it.c:216:6:USART1_IRQHandler	8	static
../Core/Src/stm32f4xx_it.c:229:6:USART3_IRQHandler	8	static
../Core/Src/stm32f4xx_it.c:247:6:EXTI15_10_IRQHandler	8	static
../Core/Src/stm32f4xx_it.c:261:6:FMC_IRQHandler	8	static
../Core/Src/stm32f4xx_it.c:275:6:TIM6_DAC_IRQHandler	8	static
../Core/Src/stm32f4xx_it.c:289:6:OTG_FS_IRQHandler	8	static
../Core/Src/stm32f4xx_it.c:303:6:LTDC_IRQHandler	8	static
../Core/Src/stm32f4xx_it.c:317:6:DMA2D_IRQHandler	8	static
