../Core/Src/W25Qxx.c:12:9:W25qxx_Spi	32	static
../Core/Src/W25Qxx.c:19:6:W25qxx_WriteEnable	8	static
../Core/Src/W25Qxx.c:27:6:W25qxx_WriteDisable	8	static
../Core/Src/W25Qxx.c:35:9:W25qxx_ReadStatusRegister	24	static
../Core/Src/W25Qxx.c:45:6:W25qxx_WriteStatusRegister	16	static
../Core/Src/W25Qxx.c:54:10:W25qxx_ReadID	16	static
../Core/Src/W25Qxx.c:70:6:W25qxx_ReadUniqID	24	static
../Core/Src/W25Qxx.c:82:6:W25qxx_ReadManufacturerDeviceID	16	static
../Core/Src/W25Qxx.c:94:6:W25qxx_WaitForWriteEnd	16	static
../Core/Src/W25Qxx.c:108:6:W25qxx_Init	16	static
../Core/Src/W25Qxx.c:162:6:W25qxx_EraseChip	8	static
../Core/Src/W25Qxx.c:171:6:W25qxx_EraseSector	16	static
../Core/Src/W25Qxx.c:183:6:W25qxx_EraseBlock	16	static
../Core/Src/W25Qxx.c:195:10:W25qxx_PageToSector	16	static
../Core/Src/W25Qxx.c:200:10:W25qxx_PageToBlock	16	static
../Core/Src/W25Qxx.c:205:10:W25qxx_SectorToBlock	16	static
../Core/Src/W25Qxx.c:210:10:W25qxx_SectorToPage	16	static
../Core/Src/W25Qxx.c:215:10:W25qxx_BlockToPage	16	static
../Core/Src/W25Qxx.c:220:6:W25qxx_WritePage	24	static
../Core/Src/W25Qxx.c:236:6:W25qxx_WriteSector	40	static
../Core/Src/W25Qxx.c:257:6:W25qxx_WriteBlock	40	static
../Core/Src/W25Qxx.c:278:6:W25qxx_ReadPage	24	static
../Core/Src/W25Qxx.c:292:6:W25qxx_ReadSector	40	static
../Core/Src/W25Qxx.c:313:6:W25qxx_ReadBlock	40	static
