../TouchGFX/generated/texts/src/TypedTextDatabase.cpp:57:43:const touchgfx::TypedText::TypedTextData* TypedTextDatabase::getInstance(touchgfx::LanguageId)	0	static
../TouchGFX/generated/texts/src/TypedTextDatabase.cpp:62:10:uint16_t TypedTextDatabase::getInstanceSize()	0	static
../TouchGFX/generated/texts/src/TypedTextDatabase.cpp:67:24:const touchgfx::Font** TypedTextDatabase::getFonts()	0	static
../TouchGFX/generated/texts/src/TypedTextDatabase.cpp:72:23:const touchgfx::Font* TypedTextDatabase::setFont(touchgfx::FontId, const touchgfx::Font*)	0	static
../TouchGFX/generated/texts/src/TypedTextDatabase.cpp:79:6:void TypedTextDatabase::resetFont(touchgfx::FontId)	8	static
../TouchGFX/generated/texts/src/TypedTextDatabase.cpp:97:1:cpp)	8	static
