../Middlewares/ST/touchgfx/framework/include/touchgfx/Screen.hpp:104:18:virtual void touchgfx::Screen::afterTransition()	0	static
../Middlewares/ST/touchgfx/framework/include/touchgfx/Screen.hpp:154:18:virtual void touchgfx::Screen::handleKeyEvent(uint8_t)	0	static
../TouchGFX/gui/src/screen1_screen/Screen1View.cpp:10:6:virtual void Screen1View::changeBacklight()	0	static
../TouchGFX/gui/src/screen1_screen/Screen1View.cpp:62:6:virtual void Screen1View::tearDownScreen()	0	static
../TouchGFX/gui/include/gui/screen1_screen/Screen1View.hpp:11:13:Screen1View::~Screen1View()	8	static
../TouchGFX/gui/include/gui/screen1_screen/Screen1View.hpp:11:13:virtual Screen1View::~Screen1View()	8	static
../Middlewares/ST/touchgfx/framework/include/touchgfx/Unicode.hpp:404:25:static touchgfx::Unicode::UnicodeChar* touchgfx::Unicode::snprintfFloat(UnicodeChar*, uint16_t, const char*, float)	16	static
../TouchGFX/gui/src/screen1_screen/Screen1View.cpp:7:1:Screen1View::Screen1View()	8	static
../TouchGFX/gui/src/screen1_screen/Screen1View.cpp:17:6:virtual void Screen1View::leftbutton()	16	static
../TouchGFX/gui/src/screen1_screen/Screen1View.cpp:38:6:virtual void Screen1View::rightbutton()	16	static
../TouchGFX/gui/src/screen1_screen/Screen1View.cpp:57:6:virtual void Screen1View::setupScreen()	0	static
../TouchGFX/gui/src/screen1_screen/Screen1View.cpp:66:6:virtual void Screen1View::handleTickEvent()	120	static
